http_interactions:
- request:
    method: post
    uri: https://db.cger.nies.go.jp/JaLTER/script/licence.php
    body:
      encoding: ''
      string: username=janedoe&orgname=foobar&mailaddr=foo%40bar.com&purpose=research&other_reason=x&data_id=ERDP_2011_01.3.1&docname=SpList.csv&lang=en
    headers:
      User-Agent: libcurl/7.68.0 r-curl/5.0.0 crul/1.3
      Accept-Encoding: gzip, deflate
      Accept: application/json, text/xml, application/xml, */*
      Content-Type: application/x-www-form-urlencoded
  response:
    status:
      status_code: '200'
      message: OK
      explanation: Request fulfilled, document follows
    headers:
      status: HTTP/1.1 200 OK
      date: Fri, 27 Jan 2023 14:00:51 GMT
      server: Apache/2.4.6 (CentOS) OpenSSL/1.0.2k-fips mod_fcgid/2.3.9 PHP/5.4.16
      strict-transport-security: max-age=0
      x-content-type-options: nosniff
      x-flame-options: SAMEORIGIN
      x-powered-by: PHP/5.4.16
      expires: Thu, 19 Nov 1981 08:52:00 GMT
      cache-control: no-store, no-cache, must-revalidate, post-check=0, pre-check=0
      pragma: no-cache
      content-disposition: attachment; filename=ERDP_2011_01.3.1-SpList.csv
      content-length: '30347'
      content-type: application/octet-stream
      set-cookie: PHPSESSID=ko7vpcrr7sqqm8apmu9ot742f6; path=/
      access-control-allow-headers: Content-Type
      content-security-policy: upgrade-insecure-requests
    body:
      encoding: ''
      file: yes
      string: ../files/SpList.csv
  recorded_at: 2023-01-27 14:00:53 GMT
  recorded_with: vcr/1.2.0, webmockr/0.8.2
- request:
    method: post
    uri: https://db.cger.nies.go.jp/JaLTER/script/licence.php
    body:
      encoding: ''
      string: username=janedoe&orgname=foobar&mailaddr=foo%40bar.com&purpose=research&other_reason=x&data_id=ERDP_2011_01.5.1&docname=SiteList.csv&lang=en
    headers:
      User-Agent: libcurl/7.68.0 r-curl/5.0.0 crul/1.3
      Accept-Encoding: gzip, deflate
      Accept: application/json, text/xml, application/xml, */*
      Content-Type: application/x-www-form-urlencoded
  response:
    status:
      status_code: '200'
      message: OK
      explanation: Request fulfilled, document follows
    headers:
      status: HTTP/1.1 200 OK
      date: Fri, 27 Jan 2023 14:00:51 GMT
      server: Apache/2.4.6 (CentOS) OpenSSL/1.0.2k-fips mod_fcgid/2.3.9 PHP/5.4.16
      strict-transport-security: max-age=0
      x-content-type-options: nosniff
      x-flame-options: SAMEORIGIN
      x-powered-by: PHP/5.4.16
      expires: Thu, 19 Nov 1981 08:52:00 GMT
      cache-control: no-store, no-cache, must-revalidate, post-check=0, pre-check=0
      pragma: no-cache
      content-disposition: attachment; filename=ERDP_2011_01.5.1-SiteList.csv
      content-length: '4532'
      content-type: application/octet-stream
      set-cookie: PHPSESSID=kl0r70v19fvvgdduo9usd8rgp1; path=/
      access-control-allow-headers: Content-Type
      content-security-policy: upgrade-insecure-requests
    body:
      encoding: ''
      file: yes
      string: ../files/SiteList.csv
  recorded_at: 2023-01-27 14:00:53 GMT
  recorded_with: vcr/1.2.0, webmockr/0.8.2
- request:
    method: post
    uri: https://db.cger.nies.go.jp/JaLTER/script/licence.php
    body:
      encoding: ''
      string: username=janedoe&orgname=foobar&mailaddr=foo%40bar.com&purpose=research&other_reason=x&data_id=ERDP_2011_01.7.1&docname=TreeData.zip&lang=en
    headers:
      User-Agent: libcurl/7.68.0 r-curl/5.0.0 crul/1.3
      Accept-Encoding: gzip, deflate
      Accept: application/json, text/xml, application/xml, */*
      Content-Type: application/x-www-form-urlencoded
  response:
    status:
      status_code: '200'
      message: OK
      explanation: Request fulfilled, document follows
    headers:
      status: HTTP/1.1 200 OK
      date: Fri, 27 Jan 2023 14:00:51 GMT
      server: Apache/2.4.6 (CentOS) OpenSSL/1.0.2k-fips mod_fcgid/2.3.9 PHP/5.4.16
      strict-transport-security: max-age=0
      x-content-type-options: nosniff
      x-flame-options: SAMEORIGIN
      x-powered-by: PHP/5.4.16
      expires: Thu, 19 Nov 1981 08:52:00 GMT
      cache-control: no-store, no-cache, must-revalidate, post-check=0, pre-check=0
      pragma: no-cache
      content-disposition: attachment; filename=ERDP_2011_01.7.1-TreeData.zip
      content-length: '832709'
      content-type: application/octet-stream
      set-cookie: PHPSESSID=artr5peg9aoubb77ie57ohpo84; path=/
      access-control-allow-headers: Content-Type
      content-security-policy: upgrade-insecure-requests
    body:
      encoding: ''
      file: yes
      string: ../files/TreeData.zip
  recorded_at: 2023-01-27 14:00:53 GMT
  recorded_with: vcr/1.2.0, webmockr/0.8.2
- request:
    method: get
    uri: https://db.cger.nies.go.jp/JaLTER/metacat/metacat?action=read&qformat=xml&docid=ERDP_2011_01.10.2
    body:
      encoding: ''
      string: ''
    headers:
      User-Agent: libcurl/7.68.0 r-curl/5.0.0 crul/1.3
      Accept-Encoding: gzip, deflate
      Accept: application/json, text/xml, application/xml, */*
  response:
    status:
      status_code: '200'
      message: OK
      explanation: Request fulfilled, document follows
    headers:
      status: HTTP/1.1 200 OK
      date: Fri, 27 Jan 2023 14:00:53 GMT
      server: Apache/2.4.6 (CentOS) OpenSSL/1.0.2k-fips mod_fcgid/2.3.9 PHP/5.4.16
      strict-transport-security: max-age=0
      x-content-type-options: nosniff
      x-flame-options: SAMEORIGIN
      content-disposition: attachment; filename=ERDP_2011_01.10.2.xml
      content-type: text/xml
      set-cookie: JSESSIONID=2B30D20C75A419E14E4F6BEFE3A31C53; Path=/JaLTER/metacat;
        HttpOnly
      access-control-allow-headers: Content-Type
      content-security-policy: upgrade-insecure-requests
      transfer-encoding: chunked
    body:
      encoding: ''
      file: yes
      string: ../files/file2fbf35e8d5f5
  recorded_at: 2023-01-27 14:00:53 GMT
  recorded_with: vcr/1.2.0, webmockr/0.8.2
